+++
draft = false
title = "Home"
+++
MyCompanySchemaRegistry