+++
draft = false
title = "NamespaceA"

[menu.main]
parent = ""
identifier = "NamespaceA"
+++

Namespace Description