+++
draft = false
title = "Transformations"
weight = -2

[menu.main]
parent = "NamespaceA/eventA"
identifier = "NamespaceA/eventA/transformations"
+++
## From 1 to 2
```javascript
jscode
```